This is pdfTeX, Version 3.141592653-2.6-1.40.29 (TeX Live 2026) (preloaded format=pdflatex 2026.3.24)  23 MAY 2026 11:12
entering extended mode
 restricted \write18 enabled.
 file:line:error style messages enabled.
 %&-line parsing enabled.
**"/Users/romolodeffereria/Desktop/UniversitàGitHub/Informatica-Triennale/3° Anno/Sicurezza/Appunti/Latex/Capitolo 11/Capitolo 11 - Sicurezza della rete.tex"
(/Users/romolodeffereria/Desktop/UniversitàGitHub/Informatica-Triennale/3° Anno/Sicurezza/Appunti/Latex/Capitolo 11/Capitolo 11 - Sicurezza della rete.tex
LaTeX2e <2025-11-01>
L3 programming layer <2026-01-19>
(/usr/local/texlive/2026/texmf-dist/tex/latex/base/article.cls
Document Class: article 2025/01/22 v1.4n Standard LaTeX document class
(/usr/local/texlive/2026/texmf-dist/tex/latex/base/size10.clo
File: size10.clo 2025/01/22 v1.4n Standard LaTeX file (size option)
)
\c@part=\count275
\c@section=\count276
\c@subsection=\count277
\c@subsubsection=\count278
\c@paragraph=\count279
\c@subparagraph=\count280
\c@figure=\count281
\c@table=\count282
\abovecaptionskip=\skip49
\belowcaptionskip=\skip50
\bibindent=\dimen148
) (/usr/local/texlive/2026/texmf-dist/tex/latex/base/inputenc.sty
Package: inputenc 2024/02/08 v1.3d Input encoding file
\inpenc@prehook=\toks17
\inpenc@posthook=\toks18
) (/usr/local/texlive/2026/texmf-dist/tex/latex/base/fontenc.sty
Package: fontenc 2025/07/18 v2.1d Standard LaTeX package
) (/usr/local/texlive/2026/texmf-dist/tex/generic/babel/babel.sty
Package: babel 2026/02/14 v26.3 The multilingual framework for LuaLaTeX, pdfLaTeX and XeLaTeX
\babel@savecnt=\count283
LaTeX Encoding Info:    Redeclaring text command \ij (encoding OT1) on input line 2078.
LaTeX Encoding Info:    Redeclaring text command \IJ (encoding OT1) on input line 2080.
LaTeX Encoding Info:    Redeclaring text command \ij (encoding T1) on input line 2082.
LaTeX Encoding Info:    Redeclaring text command \IJ (encoding T1) on input line 2083.
LaTeX Encoding Info:    Ignoring declaration for text command \ij (encoding ?) on input line 2084.
LaTeX Encoding Info:    Ignoring declaration for text command \IJ (encoding ?) on input line 2086.
LaTeX Encoding Info:    Ignoring declaration for text command \SS (encoding ?) on input line 2111.
\U@D=\dimen149
\l@unhyphenated=\language91
 (/usr/local/texlive/2026/texmf-dist/tex/generic/babel/txtbabel.def)
\bbl@readstream=\read2
\bbl@dirlevel=\count284
 (/usr/local/texlive/2026/texmf-dist/tex/generic/babel/locale/it/babel-italian.tex)
Package babel Info: Importing font and identification data for italian
(babel)             from babel-it.ini. Reported on input line 4330.
 (/usr/local/texlive/2026/texmf-dist/tex/generic/babel-italian/italian.ldf
Language: italian 2026/01/13 v.1.5.02 Italian support for the babel system
\it@lettering=\count285
\it@doublequoteactive=\count286
\it@ISOcompliance=\count287
)) (/usr/local/texlive/2026/texmf-dist/tex/latex/etoolbox/etoolbox.sty
Package: etoolbox 2025/10/02 v2.5m e-TeX tools for LaTeX (JAW)
\etb@tempcnta=\count288
) (/usr/local/texlive/2026/texmf-dist/tex/latex/geometry/geometry.sty
Package: geometry 2020/01/02 v5.9 Page Geometry
 (/usr/local/texlive/2026/texmf-dist/tex/latex/graphics/keyval.sty
Package: keyval 2022/05/29 v1.15 key=value parser (DPC)
\KV@toks@=\toks19
) (/usr/local/texlive/2026/texmf-dist/tex/generic/iftex/ifvtex.sty
Package: ifvtex 2019/10/25 v1.7 ifvtex legacy package. Use iftex instead.
 (/usr/local/texlive/2026/texmf-dist/tex/generic/iftex/iftex.sty
Package: iftex 2024/12/12 v1.0g TeX engine tests
))
\Gm@cnth=\count289
\Gm@cntv=\count290
\c@Gm@tempcnt=\count291
\Gm@bindingoffset=\dimen150
\Gm@wd@mp=\dimen151
\Gm@odd@mp=\dimen152
\Gm@even@mp=\dimen153
\Gm@layoutwidth=\dimen154
\Gm@layoutheight=\dimen155
\Gm@layouthoffset=\dimen156
\Gm@layoutvoffset=\dimen157
\Gm@dimlist=\toks20
) (/usr/local/texlive/2026/texmf-dist/tex/latex/graphics/graphicx.sty
Package: graphicx 2024/12/31 v1.2e Enhanced LaTeX Graphics (DPC,SPQR)
 (/usr/local/texlive/2026/texmf-dist/tex/latex/graphics/graphics.sty
Package: graphics 2024/08/06 v1.4g Standard LaTeX Graphics (DPC,SPQR)
 (/usr/local/texlive/2026/texmf-dist/tex/latex/graphics/trig.sty
Package: trig 2023/12/02 v1.11 sin cos tan (DPC)
) (/usr/local/texlive/2026/texmf-dist/tex/latex/graphics-cfg/graphics.cfg
File: graphics.cfg 2016/06/04 v1.11 sample graphics configuration
)
Package graphics Info: Driver file: pdftex.def on input line 106.
 (/usr/local/texlive/2026/texmf-dist/tex/latex/graphics-def/pdftex.def
File: pdftex.def 2025/09/29 v1.2d Graphics/color driver for pdftex
))
\Gin@req@height=\dimen158
\Gin@req@width=\dimen159
) (/usr/local/texlive/2026/texmf-dist/tex/latex/l3backend/l3backend-pdftex.def
File: l3backend-pdftex.def 2025-10-09 L3 backend support: PDF output (pdfTeX)
\l__color_backend_stack_int=\count292
) (/Users/romolodeffereria/Desktop/UniversitàGitHub/Informatica-Triennale/3° Anno/Sicurezza/Appunti/Latex/Capitolo 11/Capitolo 11 - Sicurezza della rete.aux)
\openout1 = `"Capitolo 11 - Sicurezza della rete.aux"'.

LaTeX Font Info:    Checking defaults for OML/cmm/m/it on input line 13.
LaTeX Font Info:    ... okay on input line 13.
LaTeX Font Info:    Checking defaults for OMS/cmsy/m/n on input line 13.
LaTeX Font Info:    ... okay on input line 13.
LaTeX Font Info:    Checking defaults for OT1/cmr/m/n on input line 13.
LaTeX Font Info:    ... okay on input line 13.
LaTeX Font Info:    Checking defaults for T1/cmr/m/n on input line 13.
LaTeX Font Info:    ... okay on input line 13.
LaTeX Font Info:    Checking defaults for TS1/cmr/m/n on input line 13.
LaTeX Font Info:    ... okay on input line 13.
LaTeX Font Info:    Checking defaults for OMX/cmex/m/n on input line 13.
LaTeX Font Info:    ... okay on input line 13.
LaTeX Font Info:    Checking defaults for U/cmr/m/n on input line 13.
LaTeX Font Info:    ... okay on input line 13.
LaTeX Info: Redefining \it@ocap on input line 13.
LaTeX Info: Redefining \it@ccap on input line 13.

*geometry* driver: auto-detecting
*geometry* detected driver: pdftex
*geometry* verbose mode - [ preamble ] result:
* driver: pdftex
* paper: a4paper
* layout: <same size as paper>
* layoutoffset:(h,v)=(0.0pt,0.0pt)
* modes: 
* h-part:(L,W,R)=(72.26999pt, 452.9679pt, 72.26999pt)
* v-part:(T,H,B)=(72.26999pt, 700.50687pt, 72.26999pt)
* \paperwidth=597.50787pt
* \paperheight=845.04684pt
* \textwidth=452.9679pt
* \textheight=700.50687pt
* \oddsidemargin=0.0pt
* \evensidemargin=0.0pt
* \topmargin=-37.0pt
* \headheight=12.0pt
* \headsep=25.0pt
* \topskip=10.0pt
* \footskip=30.0pt
* \marginparwidth=65.0pt
* \marginparsep=11.0pt
* \columnsep=10.0pt
* \skip\footins=9.0pt plus 4.0pt minus 2.0pt
* \hoffset=0.0pt
* \voffset=0.0pt
* \mag=1000
* \@twocolumnfalse
* \@twosidefalse
* \@mparswitchfalse
* \@reversemarginfalse
* (1in=72.27pt=25.4mm, 1cm=28.453pt)

(/usr/local/texlive/2026/texmf-dist/tex/context/base/mkii/supp-pdf.mkii
[Loading MPS to PDF converter (version 2006.09.02).]
\scratchcounter=\count293
\scratchdimen=\dimen160
\scratchbox=\box53
\nofMPsegments=\count294
\nofMParguments=\count295
\everyMPshowfont=\toks21
\MPscratchCnt=\count296
\MPscratchDim=\dimen161
\MPnumerator=\count297
\makeMPintoPDFobject=\count298
\everyMPtoPDFconversion=\toks22
) (/usr/local/texlive/2026/texmf-dist/tex/latex/epstopdf-pkg/epstopdf-base.sty
Package: epstopdf-base 2020-01-24 v2.11 Base part for package epstopdf
Package epstopdf-base Info: Redefining graphics rule for `.eps' on input line 485.
 (/usr/local/texlive/2026/texmf-dist/tex/latex/latexconfig/epstopdf-sys.cfg
File: epstopdf-sys.cfg 2010/07/13 v1.3 Configuration of (r)epstopdf for TeX Live
))
LaTeX Font Info:    External font `cmex10' loaded for size
(Font)              <12> on input line 15.
LaTeX Font Info:    External font `cmex10' loaded for size
(Font)              <8> on input line 15.
LaTeX Font Info:    External font `cmex10' loaded for size
(Font)              <6> on input line 15.
 [1

{/usr/local/texlive/2026/texmf-var/fonts/map/pdftex/updmap/pdftex.map}{/usr/local/texlive/2026/texmf-dist/fonts/enc/dvips/cm-super/cm-super-t1.enc}{/usr/local/texlive/2026/texmf-dist/fonts/enc/dvips/cm-super/cm-super-ts1.enc}] [2]
LaTeX Font Info:    External font `cmex10' loaded for size
(Font)              <7> on input line 95.
LaTeX Font Info:    External font `cmex10' loaded for size
(Font)              <5> on input line 95.
<Screenshot 2026-05-05 alle 15.15.25.png, id=15, 684.5575pt x 600.2425pt>
File: Screenshot 2026-05-05 alle 15.15.25.png Graphic file (type png)
<use Screenshot 2026-05-05 alle 15.15.25.png>
Package pdftex.def Info: Screenshot 2026-05-05 alle 15.15.25.png  used on input line 99.
(pdftex.def)             Requested size: 217.42265pt x 190.64355pt.
<Screenshot 2026-05-05 alle 15.15.33.png, id=17, 794.97pt x 445.665pt>
File: Screenshot 2026-05-05 alle 15.15.33.png Graphic file (type png)
<use Screenshot 2026-05-05 alle 15.15.33.png>
Package pdftex.def Info: Screenshot 2026-05-05 alle 15.15.33.png  used on input line 107.
(pdftex.def)             Requested size: 317.07614pt x 177.75961pt.
 [3 </Users/romolodeffereria/Desktop/UniversitàGitHub/Informatica-Triennale/3° Anno/Sicurezza/Appunti/Latex/Capitolo 11/Screenshot 2026-05-05 alle 15.15.25.png> </Users/romolodeffereria/Desktop/UniversitàGitHub/Informatica-Triennale/3° Anno/Sicurezza/Appunti/Latex/Capitolo 11/Screenshot 2026-05-05 alle 15.15.33.png>]
<Screenshot 2026-05-05 alle 15.15.43.png, id=23, 829.0975pt x 350.30875pt>
File: Screenshot 2026-05-05 alle 15.15.43.png Graphic file (type png)
<use Screenshot 2026-05-05 alle 15.15.43.png>
Package pdftex.def Info: Screenshot 2026-05-05 alle 15.15.43.png  used on input line 128.
(pdftex.def)             Requested size: 217.42265pt x 91.86388pt.
 [4 </Users/romolodeffereria/Desktop/UniversitàGitHub/Informatica-Triennale/3° Anno/Sicurezza/Appunti/Latex/Capitolo 11/Screenshot 2026-05-05 alle 15.15.43.png>]
<Screenshot 2026-05-05 alle 15.15.57.png, id=28, 675.52374pt x 191.71625pt>
File: Screenshot 2026-05-05 alle 15.15.57.png Graphic file (type png)
<use Screenshot 2026-05-05 alle 15.15.57.png>
Package pdftex.def Info: Screenshot 2026-05-05 alle 15.15.57.png  used on input line 166.
(pdftex.def)             Requested size: 217.42265pt x 61.7044pt.
<Screenshot 2026-05-05 alle 15.16.07.png, id=29, 607.26875pt x 483.8075pt>
File: Screenshot 2026-05-05 alle 15.16.07.png Graphic file (type png)
<use Screenshot 2026-05-05 alle 15.16.07.png>
Package pdftex.def Info: Screenshot 2026-05-05 alle 15.16.07.png  used on input line 192.
(pdftex.def)             Requested size: 217.42265pt x 173.21825pt.
<Screenshot 2026-05-05 alle 15.16.16.png, id=30, 493.845pt x 265.99374pt>
File: Screenshot 2026-05-05 alle 15.16.16.png Graphic file (type png)
<use Screenshot 2026-05-05 alle 15.16.16.png>
Package pdftex.def Info: Screenshot 2026-05-05 alle 15.16.16.png  used on input line 202.
(pdftex.def)             Requested size: 317.07614pt x 170.77928pt.
 [5 </Users/romolodeffereria/Desktop/UniversitàGitHub/Informatica-Triennale/3° Anno/Sicurezza/Appunti/Latex/Capitolo 11/Screenshot 2026-05-05 alle 15.15.57.png> </Users/romolodeffereria/Desktop/UniversitàGitHub/Informatica-Triennale/3° Anno/Sicurezza/Appunti/Latex/Capitolo 11/Screenshot 2026-05-05 alle 15.16.07.png>] [6 </Users/romolodeffereria/Desktop/UniversitàGitHub/Informatica-Triennale/3° Anno/Sicurezza/Appunti/Latex/Capitolo 11/Screenshot 2026-05-05 alle 15.16.16.png>] [7]
<Screenshot 2026-05-23 alle 11.02.53.png, id=46, 1196.47pt x 670.505pt>
File: Screenshot 2026-05-23 alle 11.02.53.png Graphic file (type png)
<use Screenshot 2026-05-23 alle 11.02.53.png>
Package pdftex.def Info: Screenshot 2026-05-23 alle 11.02.53.png  used on input line 273.
(pdftex.def)             Requested size: 362.37569pt x 203.07649pt.
 [8]
<Screenshot 2026-05-23 alle 11.02.58.png, id=50, 897.3525pt x 356.33125pt>
File: Screenshot 2026-05-23 alle 11.02.58.png Graphic file (type png)
<use Screenshot 2026-05-23 alle 11.02.58.png>
Package pdftex.def Info: Screenshot 2026-05-23 alle 11.02.58.png  used on input line 293.
(pdftex.def)             Requested size: 362.37569pt x 143.8947pt.
 [9 </Users/romolodeffereria/Desktop/UniversitàGitHub/Informatica-Triennale/3° Anno/Sicurezza/Appunti/Latex/Capitolo 11/Screenshot 2026-05-23 alle 11.02.53.png> </Users/romolodeffereria/Desktop/UniversitàGitHub/Informatica-Triennale/3° Anno/Sicurezza/Appunti/Latex/Capitolo 11/Screenshot 2026-05-23 alle 11.02.58.png>]
<Screenshot 2026-05-23 alle 11.03.06.png, id=56, 705.63625pt x 394.47375pt>
File: Screenshot 2026-05-23 alle 11.03.06.png Graphic file (type png)
<use Screenshot 2026-05-23 alle 11.03.06.png>
Package pdftex.def Info: Screenshot 2026-05-23 alle 11.03.06.png  used on input line 314.
(pdftex.def)             Requested size: 362.37569pt x 202.5814pt.
<Screenshot 2026-05-23 alle 11.03.15.png, id=57, 608.2725pt x 612.2875pt>
File: Screenshot 2026-05-23 alle 11.03.15.png Graphic file (type png)
<use Screenshot 2026-05-23 alle 11.03.15.png>
Package pdftex.def Info: Screenshot 2026-05-23 alle 11.03.15.png  used on input line 350.
(pdftex.def)             Requested size: 317.07614pt x 319.17612pt.
 [10 </Users/romolodeffereria/Desktop/UniversitàGitHub/Informatica-Triennale/3° Anno/Sicurezza/Appunti/Latex/Capitolo 11/Screenshot 2026-05-23 alle 11.03.06.png>]
<Screenshot 2026-05-23 alle 11.03.22.png, id=62, 711.65875pt x 784.9325pt>
File: Screenshot 2026-05-23 alle 11.03.22.png Graphic file (type png)
<use Screenshot 2026-05-23 alle 11.03.22.png>
Package pdftex.def Info: Screenshot 2026-05-23 alle 11.03.22.png  used on input line 368.
(pdftex.def)             Requested size: 195.67905pt x 215.81517pt.
 [11 </Users/romolodeffereria/Desktop/UniversitàGitHub/Informatica-Triennale/3° Anno/Sicurezza/Appunti/Latex/Capitolo 11/Screenshot 2026-05-23 alle 11.03.15.png> </Users/romolodeffereria/Desktop/UniversitàGitHub/Informatica-Triennale/3° Anno/Sicurezza/Appunti/Latex/Capitolo 11/Screenshot 2026-05-23 alle 11.03.22.png>]
<Screenshot 2026-05-23 alle 11.03.31.png, id=68, 645.41125pt x 450.68375pt>
File: Screenshot 2026-05-23 alle 11.03.31.png Graphic file (type png)
<use Screenshot 2026-05-23 alle 11.03.31.png>
Package pdftex.def Info: Screenshot 2026-05-23 alle 11.03.31.png  used on input line 395.
(pdftex.def)             Requested size: 362.37569pt x 253.04135pt.
 [12 </Users/romolodeffereria/Desktop/UniversitàGitHub/Informatica-Triennale/3° Anno/Sicurezza/Appunti/Latex/Capitolo 11/Screenshot 2026-05-23 alle 11.03.31.png>] [13]
<Screenshot 2026-05-23 alle 11.03.40.png, id=77, 519.9425pt x 346.29375pt>
File: Screenshot 2026-05-23 alle 11.03.40.png Graphic file (type png)
<use Screenshot 2026-05-23 alle 11.03.40.png>
Package pdftex.def Info: Screenshot 2026-05-23 alle 11.03.40.png  used on input line 426.
(pdftex.def)             Requested size: 317.07614pt x 211.18074pt.
<Screenshot 2026-05-23 alle 11.03.47.png, id=78, 526.96875pt x 353.32pt>
File: Screenshot 2026-05-23 alle 11.03.47.png Graphic file (type png)
<use Screenshot 2026-05-23 alle 11.03.47.png>
Package pdftex.def Info: Screenshot 2026-05-23 alle 11.03.47.png  used on input line 439.
(pdftex.def)             Requested size: 317.07614pt x 212.60284pt.
 [14 </Users/romolodeffereria/Desktop/UniversitàGitHub/Informatica-Triennale/3° Anno/Sicurezza/Appunti/Latex/Capitolo 11/Screenshot 2026-05-23 alle 11.03.40.png>]
<Screenshot 2026-05-23 alle 11.03.59.png, id=83, 593.21625pt x 197.73875pt>
File: Screenshot 2026-05-23 alle 11.03.59.png Graphic file (type png)
<use Screenshot 2026-05-23 alle 11.03.59.png>
Package pdftex.def Info: Screenshot 2026-05-23 alle 11.03.59.png  used on input line 463.
(pdftex.def)             Requested size: 407.66833pt x 135.89375pt.
 [15 </Users/romolodeffereria/Desktop/UniversitàGitHub/Informatica-Triennale/3° Anno/Sicurezza/Appunti/Latex/Capitolo 11/Screenshot 2026-05-23 alle 11.03.47.png>]
<Screenshot 2026-05-23 alle 11.04.06.png, id=88, 350.30875pt x 257.96375pt>
File: Screenshot 2026-05-23 alle 11.04.06.png Graphic file (type png)
<use Screenshot 2026-05-23 alle 11.04.06.png>
Package pdftex.def Info: Screenshot 2026-05-23 alle 11.04.06.png  used on input line 486.
(pdftex.def)             Requested size: 317.07614pt x 233.50746pt.
 [16 </Users/romolodeffereria/Desktop/UniversitàGitHub/Informatica-Triennale/3° Anno/Sicurezza/Appunti/Latex/Capitolo 11/Screenshot 2026-05-23 alle 11.03.59.png>]
<Screenshot 2026-05-23 alle 11.04.14.png, id=93, 582.175pt x 223.83624pt>
File: Screenshot 2026-05-23 alle 11.04.14.png Graphic file (type png)
<use Screenshot 2026-05-23 alle 11.04.14.png>
Package pdftex.def Info: Screenshot 2026-05-23 alle 11.04.14.png  used on input line 500.
(pdftex.def)             Requested size: 362.37569pt x 139.33034pt.
 [17 </Users/romolodeffereria/Desktop/UniversitàGitHub/Informatica-Triennale/3° Anno/Sicurezza/Appunti/Latex/Capitolo 11/Screenshot 2026-05-23 alle 11.04.06.png> </Users/romolodeffereria/Desktop/UniversitàGitHub/Informatica-Triennale/3° Anno/Sicurezza/Appunti/Latex/Capitolo 11/Screenshot 2026-05-23 alle 11.04.14.png>]
<Screenshot 2026-05-23 alle 11.04.20.png, id=99, 565.11125pt x 170.6375pt>
File: Screenshot 2026-05-23 alle 11.04.20.png Graphic file (type png)
<use Screenshot 2026-05-23 alle 11.04.20.png>
Package pdftex.def Info: Screenshot 2026-05-23 alle 11.04.20.png  used on input line 512.
(pdftex.def)             Requested size: 362.37569pt x 109.42372pt.
<Screenshot 2026-05-23 alle 11.04.27.png, id=100, 576.1525pt x 255.95625pt>
File: Screenshot 2026-05-23 alle 11.04.27.png Graphic file (type png)
<use Screenshot 2026-05-23 alle 11.04.27.png>
Package pdftex.def Info: Screenshot 2026-05-23 alle 11.04.27.png  used on input line 533.
(pdftex.def)             Requested size: 362.37569pt x 160.99161pt.
 [18 </Users/romolodeffereria/Desktop/UniversitàGitHub/Informatica-Triennale/3° Anno/Sicurezza/Appunti/Latex/Capitolo 11/Screenshot 2026-05-23 alle 11.04.20.png> </Users/romolodeffereria/Desktop/UniversitàGitHub/Informatica-Triennale/3° Anno/Sicurezza/Appunti/Latex/Capitolo 11/Screenshot 2026-05-23 alle 11.04.27.png>]
<Screenshot 2026-05-23 alle 11.04.35.png, id=106, 573.14125pt x 246.9225pt>
File: Screenshot 2026-05-23 alle 11.04.35.png Graphic file (type png)
<use Screenshot 2026-05-23 alle 11.04.35.png>
Package pdftex.def Info: Screenshot 2026-05-23 alle 11.04.35.png  used on input line 545.
(pdftex.def)             Requested size: 362.37569pt x 156.12337pt.
<Screenshot 2026-05-23 alle 11.04.41.png, id=107, 571.13374pt x 284.06125pt>
File: Screenshot 2026-05-23 alle 11.04.41.png Graphic file (type png)
<use Screenshot 2026-05-23 alle 11.04.41.png>
Package pdftex.def Info: Screenshot 2026-05-23 alle 11.04.41.png  used on input line 557.
(pdftex.def)             Requested size: 362.37569pt x 180.23384pt.
 [19 </Users/romolodeffereria/Desktop/UniversitàGitHub/Informatica-Triennale/3° Anno/Sicurezza/Appunti/Latex/Capitolo 11/Screenshot 2026-05-23 alle 11.04.35.png> </Users/romolodeffereria/Desktop/UniversitàGitHub/Informatica-Triennale/3° Anno/Sicurezza/Appunti/Latex/Capitolo 11/Screenshot 2026-05-23 alle 11.04.41.png>]
<Screenshot 2026-05-23 alle 11.04.46.png, id=114, 771.88374pt x 300.12125pt>
File: Screenshot 2026-05-23 alle 11.04.46.png Graphic file (type png)
<use Screenshot 2026-05-23 alle 11.04.46.png>
Package pdftex.def Info: Screenshot 2026-05-23 alle 11.04.46.png  used on input line 573.
(pdftex.def)             Requested size: 362.37569pt x 140.89671pt.
 [20 </Users/romolodeffereria/Desktop/UniversitàGitHub/Informatica-Triennale/3° Anno/Sicurezza/Appunti/Latex/Capitolo 11/Screenshot 2026-05-23 alle 11.04.46.png>]
<Screenshot 2026-05-23 alle 11.04.53.png, id=119, 637.38126pt x 195.73125pt>
File: Screenshot 2026-05-23 alle 11.04.53.png Graphic file (type png)
<use Screenshot 2026-05-23 alle 11.04.53.png>
Package pdftex.def Info: Screenshot 2026-05-23 alle 11.04.53.png  used on input line 589.
(pdftex.def)             Requested size: 362.37569pt x 111.28125pt.
<Screenshot 2026-05-23 alle 11.04.59.png, id=120, 707.64375pt x 368.37625pt>
File: Screenshot 2026-05-23 alle 11.04.59.png Graphic file (type png)
<use Screenshot 2026-05-23 alle 11.04.59.png>
Package pdftex.def Info: Screenshot 2026-05-23 alle 11.04.59.png  used on input line 607.
(pdftex.def)             Requested size: 362.37569pt x 188.64508pt.
 [21 </Users/romolodeffereria/Desktop/UniversitàGitHub/Informatica-Triennale/3° Anno/Sicurezza/Appunti/Latex/Capitolo 11/Screenshot 2026-05-23 alle 11.04.53.png>] [22 </Users/romolodeffereria/Desktop/UniversitàGitHub/Informatica-Triennale/3° Anno/Sicurezza/Appunti/Latex/Capitolo 11/Screenshot 2026-05-23 alle 11.04.59.png>] [23] [24] [25] (/Users/romolodeffereria/Desktop/UniversitàGitHub/Informatica-Triennale/3° Anno/Sicurezza/Appunti/Latex/Capitolo 11/Capitolo 11 - Sicurezza della rete.aux)
 ***********
LaTeX2e <2025-11-01>
L3 programming layer <2026-01-19>
 ***********
 ) 
Here is how much of TeX's memory you used:
 3793 strings out of 467525
 66599 string characters out of 5418982
 491696 words of memory out of 5000000
 32693 multiletter control sequences out of 15000+600000
 637181 words of font info for 59 fonts, out of 8000000 for 9000
 1141 hyphenation exceptions out of 8191
 57i,6n,65p,2121b,236s stack positions out of 10000i,1000n,20000p,200000b,200000s
</usr/local/texlive/2026/texmf-dist/fonts/type1/public/cm-super/sfbx1000.pfb></usr/local/texlive/2026/texmf-dist/fonts/type1/public/cm-super/sfbx1200.pfb></usr/local/texlive/2026/texmf-dist/fonts/type1/public/cm-super/sfbx1440.pfb></usr/local/texlive/2026/texmf-dist/fonts/type1/public/cm-super/sfrm1000.pfb></usr/local/texlive/2026/texmf-dist/fonts/type1/public/cm-super/sfrm1728.pfb></usr/local/texlive/2026/texmf-dist/fonts/type1/public/cm-super/sfti1000.pfb></usr/local/texlive/2026/texmf-dist/fonts/type1/public/cm-super/sftt1000.pfb>
Output written on "/Users/romolodeffereria/Desktop/UniversitàGitHub/Informatica-Triennale/3° Anno/Sicurezza/Appunti/Latex/Capitolo 11/Capitolo 11 - Sicurezza della rete.pdf" (25 pages, 4558906 bytes).
PDF statistics:
 174 PDF objects out of 1000 (max. 8388607)
 83 compressed objects within 1 object stream
 0 named destinations out of 1000 (max. 500000)
 121 words of extra memory for PDF output out of 10000 (max. 10000000)

